// Jest Snapshot v1, https://goo.gl/fbAQLP

exports[`Testing Home Component Home component should match snapshot 1`] = `ShallowWrapper {}`;
